000000f8 A num_got_entries
bc000000 T _start
bc000400 t reset
bc000664 t CPLL_DONE
bc0006c0 t DDR_READY
bc000860 t SDRAM_INIT_DOWN
bc000868 t tRFCinit
bc000960 T relocate_code
bc0009bc t in_ram
bc000a1c t romReserved
bc000a20 t romExcHandle
bc000a24 T init_cpu_pll
bc000b7c t CPLL_EXIT
bc000b80 T SDR_CFG0_TBL
bc000ba0 T SDR_CFG1_TBL
bc000bc0 T DDR1_CFG0_TBL
bc000be8 T DDR1_CFG1_TBL
bc000c10 t DDR1_CFG2_TBL
bc000c38 t DDR1_CFG3_TBL
bc000c60 t DDR1_CFG4_TBL
bc000c88 T DDR2_CFG0_TBL
bc000ca8 T DDR2_CFG1_TBL
bc000cc8 t DDR2_CFG2_TBL
bc000ce8 t DDR2_CFG3_TBL
bc000d08 t DDR2_CFG4_TBL
bc000d30 T sbrk
bc000d7c T board_init_f
bc001014 T OperationSelect
bc0010d4 T tftp_config
bc0015a8 T trigger_hw_reset
bc0015b0 T hang
bc0015e0 T rw_rf_reg
bc0016c4 T do_rw_rf
bc001804 T config_usb_ehciohci
bc001834 T disable_pcie
bc001850 T board_init_r
bc002730 T timer_init
bc002744 T get_timer
bc002750 T udelay
bc0027c0 T mdelay
bc002810 t startAgainTimeout
bc00282c t startAgainHandler
bc002834 T NetSetHandler
bc00284c T NetSetTimeout
bc0028b0 T NetStartAgain
bc0029a0 T NetSendPacket
bc0029b8 T NetCksum
bc0029f0 T NetCksumOk
bc002a2c T NetEthHdrSize
bc002a34 T NetSetEther
bc002aac T ArpRequest
bc002c14 T ArpTimeoutCheck
bc002cdc T NetReceive
bc0032a4 T NetSetIP
bc003420 T NetSendUDPPacket
bc0035f8 T copy_filename
bc003644 T ip_to_string
bc0036c0 T string_to_ip
bc003790 T print_IPaddr
bc0037dc T getenv_IPaddr
bc003818 T NetLoop
bc003cd0 T TftpSend
bc003ee4 t TftpHandler
bc004230 t TftpTimeout
bc0042b8 T TftpStart
bc004560 T eth_parse_enetaddr
bc00460c T eth_register
bc004660 T eth_initialize
bc0048cc T eth_init
bc004974 T eth_halt
bc0049c8 T eth_send
bc0049fc T eth_rx
bc004a2c T eth_try_another
bc004a70 t rt2880_eth_recv
bc004c6c t rt2880_eth_send
bc004dd4 t delete_char.part.0.constprop.3
bc004f24 T START_ETH
bc004f80 T STOP_ETH
bc004fe0 T rt2880_eth_halt
bc004ff8 T rt2880_free_buf_entry_dequeue
bc005028 T rt2880_eth_initialize
bc005248 T IsSwitchVlanTableBusy
bc0052c4 T LANWANPartition
bc0052cc T isDMABusy
bc005328 t rt2880_eth_init
bc00566c T rt_gsw_init
bc005d88 T readline
bc0060ac T input_value
bc006150 T enable_mdio
bc006178 T __mii_mgr_read
bc0062dc T __mii_mgr_write
bc006440 T mii_mgr_read
bc006510 T mii_mgr_write
bc0065b4 T dump_phy_reg
bc00678c T rt2880_mdio_access
bc006e20 t raspi_cmd.constprop.6
bc006ff8 t raspi_write_rg
bc0070a0 t raspi_read_sr
bc007120 t raspi_unprotect
bc0071f4 t raspi_wait_ready
bc0072b8 T spic_init
bc007398 T raspi_write_enable
bc0073e0 t raspi_4byte_mode
bc0075e0 T raspi_write_disable
bc007628 T chip_prob
bc00777c T raspi_init
bc0077d4 T raspi_erase
bc0079c0 T do_flerase
bc007b98 T raspi_read
bc007cd0 T raspi_write
bc007f30 T do_mem_cp
bc008050 T raspi_erase_write
bc008430 T run_command
bc008914 T main_loop
bc008a60 T do_go
bc008b30 t __fswab32
bc008b58 T print_image_hdr
bc008eb4 T do_bootm
bc009400 t bin_data_init
bc009430 t bin_data_char
bc00947c T send_pad
bc0094d8 T ktrans
bc009510 T chk1
bc00953c T s1_sendpacket
bc009594 T send_ack
bc009620 T send_nack
bc0096ac T k_data_init
bc0096d0 T k_data_save
bc009720 T k_data_restore
bc009770 T k_data_char
bc009810 T handle_send_packet
bc009a70 T do_load_serial_bin
bc00a0d0 T do_tftpb
bc00a4f0 T cmd_get_data_size
bc00a584 T do_mem_md
bc00a850 t mod_mem.isra.0.part.1
bc00aa50 T do_mem_mm
bc00aab4 T do_mem_nm
bc00ab18 T do_mem_base
bc00ab84 T do_mem_loop
bc00acf0 t envmatch
bc00adb8 T do_printenv
bc00b028 T do_saveenv
bc00b078 T _do_setenv
bc00b738 T do_setenv
bc00b7a0 T setenv
bc00b7f0 T getenv
bc00b8f0 T do_version
bc00b92c T find_cmd
bc00ba30 T do_help
bc00bcb0 t console_setfile
bc00bd88 T serial_printf
bc00bdec T fgetc
bc00be24 T ftstc
bc00be5c T fputc
bc00be9c T fputs
bc00bed4 T fprintf
bc00bf40 T getc
bc00bf70 T tstc
bc00bfa0 T putc
bc00bfd8 T puts
bc00c00c T printf
bc00c070 T vprintf
bc00c0c8 T ctrlc
bc00c14c T disable_ctrlc
bc00c168 T had_ctrlc
bc00c180 T clear_ctrlc
bc00c198 T dbg
bc00c1a8 T console_assign
bc00c2c4 T console_init_f
bc00c2d4 T console_init_r
bc00c440 T device_register
bc00c480 T devices_init
bc00c57c T devices_done
bc00c5c0 T malloc_bin_reloc
bc00c600 T malloc_trim
bc00c710 T free
bc00c960 T malloc
bc00d000 T calloc
bc00d110 T realloc
bc00d6d0 T memalign
bc00d85c T valloc
bc00d878 T pvalloc
bc00d89c T cfree
bc00d8b4 T malloc_usable_size
bc00d908 T mallopt
bc00d990 T env_get_char_memory
bc00d9c0 t env_get_char_init
bc00d9f0 T env_crc_update
bc00da3c T env_get_addr
bc00da6c T env_relocate
bc00db50 t dummy
bc00db58 T get_version
bc00db60 T jumptable_init
bc00dc10 T NewHandle
bc00dcb8 T DisposeHandle
bc00dd14 T GetHandleSize
bc00dd1c T SetHandleSize
bc00ddd0 T ListCreate
bc00de50 T ListDispose
bc00de68 T ListInsertItems
bc00e074 T ListInsertItem
bc00e08c T ListGetPtrToItem
bc00e0c4 T ListNumItems
bc00e0d0 T env_get_char_spec
bc00e0e0 T env_init
bc00e100 T spi_env_init
bc00e1c0 T saveenv
bc00e2e0 T env_relocate_spec
bc00e310 T crc32
bc00e530 T display_options
bc00e56c T print_size
bc00e650 T strchr
bc00e684 T strlen
bc00e6a4 T strrchr
bc00e714 T strnlen
bc00e73c T memset
bc00e760 T memcpy
bc00e78c T memmove
bc00e7f4 T memcmp
bc00e830 t number
bc00eab4 T simple_strtoul
bc00eb98 T simple_strtol
bc00ebe4 T vsprintf
bc00f0d8 T sprintf
bc00f118 T panic
bc00f1a0 T RangeDecoderReadByte
bc00f1cc T RangeDecoderInit
bc00f254 T RangeDecoderDecodeDirectBits
bc00f318 T RangeDecoderBitDecode
bc00f408 T RangeDecoderBitTreeDecode
bc00f49c T RangeDecoderReverseBitTreeDecode
bc00f540 T LzmaLiteralDecode
bc00f5b0 T LzmaLiteralDecodeMatch
bc00f680 T LzmaLenDecode
bc00f758 T LzmaDecode
bc00fc3c T lzmaBuffToBuffDecompress
bc00fe30 T get_ram_size
bc00ff40 T initdram
bc00ff60 T checkboard
bc00ffa0 T serial_setbrg
bc00ffe4 T serial_init
bc010018 T serial_putc
bc010060 T serial_tstc
bc010070 T serial_getc
bc010090 T serial_puts
bc0100e0 t dcache_line_size
bc010104 T do_reset
bc010118 T flush_cache
bc0101e0 T flush_dcache_range
bc010244 T invalidate_dcache_range
bc0102b0 t __fswab32
bc0102d8 t linux_env_set
bc01040c T do_bootm_linux
bc010b28 R version_string
bc010b90 r __func__.2121
bc010ba4 r __func__.2107
bc010bb0 r __func__.2096
bc010bbc r __func__.2060
bc010bd0 r __func__.2037
bc010be4 r __func__.2019
bc010bf4 r __func__.2013
bc010c04 r __func__.2051
bc010c14 r __func__.2084
bc010c20 r __func__.1992
bc010c34 r __func__.1911
bc010d10 r CSWTCH.31
bc010d30 r p.1904
bc013a80 D NetBcastAddr
bc013a90 d tab_seq
bc013a9c d erase_seq
bc013aa0 D load_addr
bc013ab0 D dp_last_length
bc013ac0 d sbrk_base
bc013ac4 d mmap_threshold
bc013ac8 d trim_threshold
bc013ad0 D default_environment
bc013b50 d crc_table_empty
bc013b60 D _ctype
bc013c60 d chips_data
bc013ff0 D stdio_names
bc013ffc d av_
bc014404 D env_get_char
bc014408 D env_name_spec
bc014410 D _GLOBAL_OFFSET_TABLE_
bc014410 D __got_start
bc014410 D _gp
bc0147f0 D __got_end
bc0147f0 D __u_boot_cmd_rf
bc0147f0 D __u_boot_cmd_start
bc014808 D __u_boot_cmd_mdio
bc014820 D __u_boot_cmd_erase
bc014838 D __u_boot_cmd_cp
bc014850 D __u_boot_cmd_reset
bc014868 D __u_boot_cmd_go
bc014880 D __u_boot_cmd_bootm
bc014898 D __u_boot_cmd_loadb
bc0148b0 D __u_boot_cmd_tftpboot
bc0148c8 D __u_boot_cmd_nm
bc0148e0 D __u_boot_cmd_mm
bc0148f8 D __u_boot_cmd_md
bc014910 D __u_boot_cmd_saveenv
bc014928 D __u_boot_cmd_setenv
bc014940 D __u_boot_cmd_printenv
bc014958 D __u_boot_cmd_question_mark
bc014970 D __u_boot_cmd_help
bc014988 D __u_boot_cmd_version
bc0149a0 B modifies
bc0149a0 D __u_boot_cmd_end
bc0149a0 D uboot_end_data
bc0149a4 b file_name_space
bc014a24 b mem_malloc_brk
bc014a28 b mem_malloc_end
bc014a2c b mem_malloc_start
bc014a30 B NetTxPacket
bc014a34 B NetEtherNullAddr
bc014a3c B NetServerEther
bc014a42 B NetBootFileSize
bc014a44 B NetOurRootPath
bc014a84 B NetOurHostName
bc014aa4 B NetOurNISDomain
bc014ac4 B NetOurDNSIP
bc014ac8 B NetOurGatewayIP
bc014acc B NetOurSubnetMask
bc014ad0 b timeDelta
bc014ad4 b timeStart
bc014ad8 b timeHandler
bc014adc b packetHandler
bc014ae0 b tftp_filename
bc014ae4 b default_filename
bc014af4 b TftpState
bc014af8 b TftpBlockWrapOffset
bc014afc b TftpBlockWrap
bc014b00 b TftpLastBlock
bc014b04 b TftpBlock
bc014b08 b TftpTimeoutCount
bc014b0c b TftpOurPort
bc014b10 b TftpServerPort
bc014b20 b first_failed.2181
bc014b24 b eth_current
bc014b28 b eth_devices
bc014b40 b PKT_HEADER_Buf_Pool
bc02b380 b rt2880_eth_initd
bc02b384 b txRingSize
bc02b385 b rxRingSize
bc02b388 b tx_ring0
bc02b38c b rx_ring
bc02b390 b tx_cpu_owner_idx0
bc02b394 b rx_wants_alloc_idx0
bc02b398 b rx_dma_owner_idx0
bc02b3a0 b rx_ring_cache
bc02b520 b tx_ring0_cache
bc02b6a0 b rt2880_free_buf
bc02b980 B spi_chip_info
bc02b984 b spi_wait_nsec
bc02b990 b lastcommand.1939
bc02ba90 b k_data_escape_saved
bc02ba94 b k_data_escape
bc02ba98 b bin_start_address
bc02ba9c b os_data_addr_saved
bc02baa0 b os_data_addr
bc02baa4 b os_data_count_saved
bc02baa8 b os_data_state_saved
bc02baac b os_data_state
bc02bab0 b a_b
bc02bad0 b base_address
bc02bae0 b ctrlc_was_pressed
bc02bae4 b ctrlc_disabled
bc02baf0 B stdio_devices
bc02bafc B devlist
bc02bb00 b current_mallinfo
bc02bb28 b max_total_mem
bc02bb2c b max_sbrked_mem
bc02bb30 b n_mmaps_max
bc02bb34 b top_pad
bc02bb40 b crc_table
bc02bf40 b linux_env_idx
bc02bf44 b linux_env_p
bc02bf48 b linux_env
bc02bf4c b linux_argv
bc02bf50 b linux_argc
bc02bf60 B gd_data
bc02bf84 B Pkt_Buf_Pool
bc0433c4 B NetRxPackets
bc0434b4 B BootFile
bc043534 B NetArpWaitPacketBuf
bc043b74 B console_buffer
bc043c74 B console_history
bc044674 B header
bc0446b4 B os_data_header
bc0446d4 B send_parms
bc0446e8 B uboot_end
bc0446e8 C monitor_flash_len
bc0446ec C mips_bus_feq
bc0446f0 C mips_cpu_feq
bc0446f4 C NetArpWaitTry
bc0446f8 C NetArpWaitPacketMAC
bc0446fc C NetOurEther
bc044704 C NetOurIP
bc044708 C NetServerIP
bc04470c C NetArpWaitTxPacketSize
bc044710 C NetArpWaitReplyIP
bc044714 C NetArpWaitTxPacket
bc044718 C NetArpWaitPacketIP
bc04471c C NetState
bc044720 C NetIPID
bc044724 C NetRxPkt
bc044728 C NetRxPktLen
bc04472c C NetBootFileXferSize
bc044730 C PktBuf
bc044734 C NetArpWaitTimerStart
bc044738 C TftpStarted
bc04473c C rt2880_free_buf_list
bc044744 C PKT_HEADER_Buf
bc044748 C rt2880_pdev
bc04474c C rt2880_busing_buf_list
bc044754 C his_pad_char
bc044758 C os_data_count
bc04475c C os_data_init
bc044760 C send_ptr
bc044764 C os_data_char
bc044768 C his_eol
bc044769 C his_quote
bc04476c C his_pad_count
bc044770 C dp_last_size
bc044774 C dp_last_addr
bc044778 C mm_last_size
bc04477c C mm_last_addr
bc044780 C env_ptr
bc044784 C ___strtok
